// Jest Snapshot v1, https://goo.gl/fbAQLP

exports[`<App /> snapshot 1`] = `
<DocumentFragment>
  <div>
    <h1>
      THE DOG WEBSITE
    </h1>
    <select>
      <option
        value="husky"
      >
        Husky
      </option>
      <option
        value="beagle"
      >
        Beagle
      </option>
      <option
        value="corgi"
      >
        Corgi
      </option>
      <option
        value="boxer"
      >
        Boxer
      </option>
      <option
        value="basenji"
      >
        Basenji
      </option>
    </select>
    <input
      placeholder="Count"
      type="number"
      value="1"
    />
    <div
      class="dogImages"
    >
      <img
        alt="dog"
        src="foo.jpg"
      />
      <img
        alt="dog"
        src="bar.jpg"
      />
    </div>
    <button>
      Clear Images
    </button>
  </div>
</DocumentFragment>
`;
